// Jest Snapshot v1, https://goo.gl/fbAQLP

exports[`Loader renders as expected 1`] = `
<div
  className="sc-AxjAm fDsnWW"
>
  <p>
    Loading ...
  </p>
</div>
`;

exports[`Loader renders as expectede 1`] = `
<div
  className="sc-AxjAm fDsnWW"
>
  <p>
    Loading ...
  </p>
</div>
`;
