// Jest Snapshot v1, https://goo.gl/fbAQLP

exports[`Input renders as expected 1`] = `
<div
  className="sc-AxjAm cRFgOx"
>
  <input
    onChange={[Function]}
    placeholder="Test example"
    value="Test value"
  />
</div>
`;
